user@DESKTOP-S514KGM MINGW64 ~/Desktop/git/FirstRepo (main)
$ git push
To https://github.com/BNaresh70/FirstRepo.git
 ! [rejected]        main -> main (fetch first)
error: failed to push some refs to 'https://github.com/BNaresh70/FirstRepo.git'
hint: Updates were rejected because the remote contains work that you do not
hint: have locally. This is usually caused by another repository pushing to
hint: the same ref. If you want to integrate the remote changes, use
hint: 'git pull' before pushing again.
hint: See the 'Note about fast-forwards' in 'git push --help' for details.

user@DESKTOP-S514KGM MINGW64 ~/Desktop/git/FirstRepo (main)
$ git fetch origin main:tmp
remote: Enumerating objects: 3, done.
remote: Counting objects: 100% (3/3), done.
remote: Compressing objects: 100% (2/2), done.
remote: Total 3 (delta 0), reused 0 (delta 0), pack-reused 0
Unpacking objects: 100% (3/3), 982 bytes | 25.00 KiB/s, done.
From https://github.com/BNaresh70/FirstRepo
 * [new branch]      main       -> tmp
 * [new branch]      main       -> origin/main

user@DESKTOP-S514KGM MINGW64 ~/Desktop/git/FirstRepo (main)
$ git rebase tmp
Successfully rebased and updated refs/heads/main.

user@DESKTOP-S514KGM MINGW64 ~/Desktop/git/FirstRepo (main)
$ git push origin HEAD:main
Enumerating objects: 5, done.
Counting objects: 100% (5/5), done.
Delta compression using up to 4 threads
Compressing objects: 100% (3/3), done.
Writing objects: 100% (4/4), 1.15 KiB | 392.00 KiB/s, done.
Total 4 (delta 0), reused 0 (delta 0), pack-reused 0 (from 0)
To https://github.com/BNaresh70/FirstRepo.git
   4b07aec..d26e33e  HEAD -> main

user@DESKTOP-S514KGM MINGW64 ~/Desktop/git/FirstRepo (main)
$

After its working as

user@DESKTOP-S514KGM MINGW64 ~/Desktop/git/FirstRepo (main)
$ ls
Sample.html  gitconfig.txt  index.html

user@DESKTOP-S514KGM MINGW64 ~/Desktop/git/FirstRepo (main)
$ touch file.txt

user@DESKTOP-S514KGM MINGW64 ~/Desktop/git/FirstRepo (main)
$ git status
On branch main
Untracked files:
  (use "git add <file>..." to include in what will be committed)
        file.txt

nothing added to commit but untracked files present (use "git add" to track)

user@DESKTOP-S514KGM MINGW64 ~/Desktop/git/FirstRepo (main)
$ git add .

user@DESKTOP-S514KGM MINGW64 ~/Desktop/git/FirstRepo (main)
$ git commit -m "Empty file.txt is added"
[main bf9bc04] Empty file.txt is added
 1 file changed, 0 insertions(+), 0 deletions(-)
 create mode 100644 file.txt

user@DESKTOP-S514KGM MINGW64 ~/Desktop/git/FirstRepo (main)
$ git push
Enumerating objects: 3, done.
Counting objects: 100% (3/3), done.
Delta compression using up to 4 threads
Compressing objects: 100% (2/2), done.
Writing objects: 100% (2/2), 245 bytes | 245.00 KiB/s, done.
Total 2 (delta 1), reused 0 (delta 0), pack-reused 0 (from 0)
remote: Resolving deltas: 100% (1/1), completed with 1 local object.
To https://github.com/BNaresh70/FirstRepo.git
   d26e33e..bf9bc04  main -> main

user@DESKTOP-S514KGM MINGW64 ~/Desktop/git/FirstRepo (main)
$
